:020000020000FC
:0E00000008E000E101E0015000E100E100E154
:00000001FF
